# 库的操作

# 1.创建数据库

```mysql
create database [if not exists] db_name [create_specification [,create_specification]...]
```

create_specification:
[default] character set charset_name(字符集)
[default] collate collation_name(校验规则)

## 案例

- 创建一个数据库，名为db1;

  ```mysql
  create database db1;
  ```

- 创建一个使用utf8字符集的db2数据库；

  ```mysql
  create database db2 charset=utf8;
  ```

- 创建一个使用utf8字符集，并带校验规则的db3数据库；

  ```mysql
  create database db3 charset=utf8 collate utf8_general_ci;
  ```

# 2.字符集和校验规则

## 2.1查看系统默认的字符集以及校验规则

输入：

```mysql
show variables like 'character_set_database';
show variables like 'collation_database';
```

输出：

```
+------------------------+---------+
| Variable_name          | Value   |
+------------------------+---------+
| character_set_database | utf8mb4 |
+------------------------+---------+
```

```
+--------------------+--------------------+
| Variable_name      | Value              |
+--------------------+--------------------+
| collation_database | utf8mb4_0900_ai_ci |
+--------------------+--------------------+
```

## 2.2查看数据库支持的字符集

```mysql
show charset;
```

字符集主要是决定该数据库用什么语言，例如utf8可以使用中文；

## 2.3查看数据库支持的字符集校验规则

```mysql
show collation;
```

## 2.4校验规则对数据库的影响

- 不区分大小写

  - 创建一个数据库，校验规则使用utf8_general_ci；

    ```mysql
    create database test1 collate utf8_general_ci;
    use test1;
    create table person(name varchar(20));
    insert into person values('a');
    insert into person values('A');
    insert into person values('b');
    insert into person values('B');
    ```

  - 查询

    ```mysql
    mysql> select * from person where name = 'a';
    +------+
    | name |
    +------+
    | a    |
    | A    |
    +------+
    2 rows in set (0.01 sec)
    ```

  - 排序

    ```mysql
    mysql> select * from person order by name;
    +------+
    | name |
    +------+
    | a    |
    | A    |
    | b    |
    | B    |
    +------+
    4 rows in set (0.01 sec)
    ```

- 区分大小写

  - 创建一个数据库，校验规则使用utf8_bin

    ```mysql
    create database test2 collate utf8_bin;
    use test2;
    create table person(name varchar(20));
    insert into person values('a');
    insert into person values('A');
    insert into person values('b');
    insert into person values('B');
    ```

  - 查询

    ```mysql
    mysql>select * from person where name = 'a';
    +------+
    | name |
    +------+
    | a    |
    +------+
    1 row in set (0.00 sec)
    ```

  - 排序

    ```mysql
    mysql> select * from person order by name;
    +------+
    | name |
    +------+
    | A    |
    | B    |
    | a    |
    | b    |
    +------+
    4 rows in set (0.00 sec)
    ```

# 3.操纵数据库

## 3.1查看数据库

```mysql
show database;
```

## 3.2显示创建语句

MySQL语句：

```
show create database 数据库名；
```

注意：

这个数据库必须存在；否则

```mysql
mysql> show create database test3;
ERROR 1049 (42000): Unknown database 'test3'
```

存在，则：

```mysql
mysql> show create database test;
+----------+--------------------------------------------------------------------------------------------------------------------------------+
| Database | Create Database                                                                                                                |
+----------+--------------------------------------------------------------------------------------------------------------------------------+
| test     | CREATE DATABASE `test` /*!40100 DEFAULT CHARACTER SET utf8mb4 COLLATE utf8mb4_0900_ai_ci */ /*!80016 DEFAULT ENCRYPTION='N' */ |
+----------+--------------------------------------------------------------------------------------------------------------------------------+
1 row in set (0.01 sec)
```

## 3.3修改数据库

对数据库的修改主要指的是修改数据库的字符集，校验规则；

栗子：将数据库test2的字符集修改为gbk;

```mysql
mysql> alter database test2 charset=gbk;
Query OK, 1 row affected (0.02 sec)
mysql> show create database test2;
+----------+--------------------------------------------------------------------------------------------------+
| Database | Create Database                                                                                  |
+----------+--------------------------------------------------------------------------------------------------+
| test2    | CREATE DATABASE `test2` /*!40100 DEFAULT CHARACTER SET gbk */ /*!80016 DEFAULT ENCRYPTION='N' */ |
+----------+--------------------------------------------------------------------------------------------------+
1 row in set (0.00 sec)
```

## 3.4删除数据库

MySQL语句：

```mysql
drop database [if exist] db_name;
```

栗子：删除test2数据库

```mysql
mysql> drop database test2;
Query OK, 1 row affected (0.16 sec)
```

## 3.5备份数据库

MySQL语句：

- 备份一个数据库

  ```
  mysqldump -P3306 -u root -p 密码 -B 数据库名 > 数据库备份存储的文件路径
  ```

- 备份多个数据库

  ```mysql
  mysqldump -P3306 -u root -p 密码 -B 数据库名1 数据库名2 ... > 数据库备份存储的文件路径
  ```

- 备份一张表

  ```
  mysqldump -P3306 -u root -p 密码 -B 数据库名 表名1 > 数据库备份存储的文件路径
  ```

- 还原

  ```
  source 路径/test.sql;
  ```

## 3.6查看数据库的连接情况

MySQL语句：

```mysql
show processlist;
```

可以查看出当前有哪些用户连接到数据库中；