# 05表的约束

约束的目的在于更好的保证数据的合法性与正确性。

主要介绍下面几种：

- null/not null
- default
- comment
- zerofill
- primary key
- auto_increment
- unique key
- foreign key

# 1.空属性

说明：

- 两个值：null（默认）和not null
- 数据库默认字段基本都是null,但实际开发时数据为空无法参与计算；

栗子：

1. 创建一个班级表，包含班级名和所在教室，如果班级名为空，就无法得知班级；如果教室为空，则无法得知在哪上课；

   ```mysql
   mysql> use test;
   Database changed
   mysql> create table class(
       -> classname varchar(20) not null,
       -> classroom varchar(20) not null);
   Query OK, 0 rows affected (0.21 sec)
   ```

2. 显示表结构；

   ```mysql
   mysql> desc class
       -> ;
   +-----------+-------------+------+-----+---------+-------+
   | Field     | Type        | Null | Key | Default | Extra |
   +-----------+-------------+------+-----+---------+-------+
   | classname | varchar(20) | NO   |     | NULL    |       |
   | classroom | varchar(20) | NO   |     | NULL    |       |
   +-----------+-------------+------+-----+---------+-------+
   2 rows in set (0.07 sec)
   ```

3. 插入数据；

   插入数据时，没有给教室数据插入失败；

   ```mysql
   mysql> insert into class values('class1');
   ERROR 1136 (21S01): Column count doesn't match value count at row 1
   ```

# 2.default属性

说明：

- 默认值：某一种数据会经常性出现的某个具体的值，可以在创建表时定义好，在需要真实数据时，用户可以有选择的使用默认值；

栗子：

1. 创建一个表tt10;指定其中一个字段有默认值

   ```mysql
   mysql> create table tt10(
       -> name varchar(20),
       -> age tinyint unsigned default 0);
   Query OK, 0 rows affected (0.13 sec)
   ```

2. 显示表结构；

   ```mysql
   mysql> desc tt10;
   +-------+---------------------+------+-----+---------+-------+
   | Field | Type                | Null | Key | Default | Extra |
   +-------+---------------------+------+-----+---------+-------+
   | name  | varchar(20)         | YES  |     | NULL    |       |
   | age   | tinyint(3) unsigned | YES  |     | 0       |       |
   +-------+---------------------+------+-----+---------+-------+
   2 rows in set (0.01 sec)
   ```

3. 插入数据；

   ```mysql
   mysql> insert into tt10(name) values('张三');
   Query OK, 1 row affected (0.02 sec)
   ```

4. 显示表中数据；默认年龄为0；

   ```mysql
   mysql> select * from tt10;
   +------+------+
   | name | age  |
   +------+------+
   | 张三 |    0 |
   +------+------+
   1 row in set (0.00 sec)
   ```

# 3.列描述

说明：

- 列描述：comment,没有实际意义，主要用来描述字段，会根据表创建语句保存；

栗子：

1. 创建一个表tt11;

   ```mysql
   mysql> create table tt11(
       -> name varchar(20) not null comment '名字',
       -> age tinyint unsigned default 0 comment '年龄');
   Query OK, 0 rows affected (0.09 sec)
   ```

2. 显示表结构;

   - desc显示；

     ```mysql
     mysql> desc tt11;
     +-------+---------------------+------+-----+---------+-------+
     | Field | Type                | Null | Key | Default | Extra |
     +-------+---------------------+------+-----+---------+-------+
     | name  | varchar(20)         | NO   |     | NULL    |       |
     | age   | tinyint(3) unsigned | YES  |     | 0       |       |
     +-------+---------------------+------+-----+---------+-------+
     2 rows in set (0.01 sec)
     ```

   - show 显示；

     ```mysql
     mysql> show create table tt11\G;
     *************************** 1. row ***************************
            Table: tt11
     Create Table: CREATE TABLE `tt11` (
       `name` varchar(20) NOT NULL COMMENT '名字',
       `age` tinyint(3) unsigned DEFAULT '0' COMMENT '年龄'
     ) ENGINE=InnoDB DEFAULT CHARSET=utf8mb4 COLLATE=utf8mb4_0900_ai_ci
     1 row in set (0.01 sec)
     
     ERROR:
     No query specified
     ```

# 4.zerofill

说明：

- 格式化输出：zerofill

栗子：

1. 创建一个表tt12;

   ```mysql
   mysql> create table tt12(
       -> id int(10));
   Query OK, 0 rows affected (0.10 sec)
   ```

2. show查看表创建语句；

   ```mysql
   mysql> show create table tt12\G;
   *************************** 1. row ***************************
          Table: tt12
   Create Table: CREATE TABLE `tt12` (
     `id` int(10) DEFAULT NULL
   ) ENGINE=InnoDB DEFAULT CHARSET=utf8mb4 COLLATE=utf8mb4_0900_ai_ci
   1 row in set (0.00 sec)
   
   ERROR:
   No query specified
   ```

3. 插入数据；

   ```mysql
   mysql> insert into tt12 values(1);
   Query OK, 1 row affected (0.01 sec)
   ```

4. 显示表中数据；

   ```mysql
   mysql> select * from tt12;
   +------+
   | id   |
   +------+
   |    1 |
   +------+
   1 row in set (0.00 sec)
   ```

5. 对列添加zerofill属性；宽度设置为5

   ```mysql
   mysql> alter table tt12 change id id int(5) zerofill;
   Query OK, 1 row affected (0.26 sec)
   Records: 1  Duplicates: 0  Warnings: 0
   ```

6. 显示表中数据；

   ```mysql
   mysql> select * from tt12;
   +-------+
   | id    |
   +-------+
   | 00001 |
   +-------+
   1 row in set (0.00 sec)
   ```

7. MySQL内部存储显示；

   ```mysql
   mysql> select id,hex(id) from tt12;
   +-------+---------+
   | id    | hex(id) |
   +-------+---------+
   | 00001 | 1       |
   +-------+---------+
   1 row in set (0.01 sec)
   ```

8. 发现；

   可以看出数据库内部存储的还是1，00001只是设置了zerofill属性后的一种格式化输出；

# 5.主键

说明：

- 主键：primary key用来唯一的约束该字段的数据，不能重复，不能为空，一张表中最多只能又一个主键；

栗子：

1. 创建一个表tt13;指定主键

   ```mysql
   mysql> create table tt13(
       -> id int unsigned primary key comment '学号不能为空',
       -> name varchar(20) not null);
   Query OK, 0 rows affected (0.26 sec)
   ```

2. 显示表结构；

   ```mysql
   mysql> desc tt13;
   +-------+------------------+------+-----+---------+-------+
   | Field | Type             | Null | Key | Default | Extra |
   +-------+------------------+------+-----+---------+-------+
   | id    | int(10) unsigned | NO   | PRI | NULL    |       |
   | name  | varchar(20)      | NO   |     | NULL    |       |
   +-------+------------------+------+-----+---------+-------+
   2 rows in set (0.02 sec)
   ```

3. 创建一个表tt14;

   ```mysql
   mysql> create table tt14(
       -> id int unsigned,
       -> course char(10) comment '课程代码',
       -> score tinyint unsigned default 60 comment '成绩',
       -> primary key(id,course));
   Query OK, 0 rows affected (0.10 sec)
   ```

4. 插入重复数据报错；

   ```mysql
   mysql> insert into tt13 values(1,'a');
   Query OK, 1 row affected (0.03 sec)
   
   mysql> insert into tt13 values(1,'a');
   ERROR 1062 (23000): Duplicate entry '1' for key 'PRIMARY'
   ```

5. 删除主键；

   ```mysql
   mysql> alter table tt13 drop primary key;
   Query OK, 1 row affected (0.25 sec)
   Records: 1  Duplicates: 0  Warnings: 0
   
   mysql> desc tt13;
   +-------+------------------+------+-----+---------+-------+
   | Field | Type             | Null | Key | Default | Extra |
   +-------+------------------+------+-----+---------+-------+
   | id    | int(10) unsigned | NO   |     | NULL    |       |
   | name  | varchar(20)      | NO   |     | NULL    |       |
   +-------+------------------+------+-----+---------+-------+
   2 rows in set (0.01 sec)
   ```

# 6.自增长

说明：

- auto_increment:当对应的字段，不给值，会自动的被系统触发，系统会从当前字段中已有的最大值+1操作得到一个新的不同的值。通常与主键搭配使用；

栗子：

1. 创建一个表tt15;

   ```mysql
   mysql> create table tt15(
       -> id int unsigned primary key auto_increment,
       -> name varchar(10) not null default '');
   Query OK, 0 rows affected (0.15 sec)
   ```

2. 插入数据；

   ```mysql
   mysql> insert into tt15(name) values('a');
   Query OK, 1 row affected (0.01 sec)
   
   mysql> insert into tt15(name) values('b');
   Query OK, 1 row affected (0.01 sec)
   ```

3. 显示表中数据；

   ```mysql
   mysql> select * from tt15;
   +----+------+
   | id | name |
   +----+------+
   |  1 | a    |
   |  2 | b    |
   +----+------+
   2 rows in set (0.00 sec)
   ```

# 7.唯一键

说明：

- 唯一键：一张表中往往有很多字段需要唯一性，数据不能重复，但是一张表中只能有一个主键；唯一键就可以解决表中有多个字段需要唯一性约束的问题；

- 唯一键允许为空，而且可以多个为空，空字段不做唯一性比较。

栗子：

1. 创建一个表tt16；

   ```mysql
   mysql> create table tt16(
       -> id char(10) unique comment '学号，不能重复，但是可以为空',
       -> name varchar(10));
   Query OK, 0 rows affected (0.13 sec)
   ```

2. 插入数据；不能重复但可以为空

   ```mysql
   mysql> insert into student(id,name) values('01','a');
   ERROR 1146 (42S02): Table 'test.student' doesn't exist
   mysql> insert into tt16(id,name) values('01','a');
   Query OK, 1 row affected (0.01 sec)
   
   mysql> insert into tt16(id,name) values(null,'a');
   Query OK, 1 row affected (0.01 sec)
   
   mysql> insert into tt16(id,name) values('01','b');
   ERROR 1062 (23000): Duplicate entry '01' for key 'id'
   ```

3. 显示表中数据；

   ```mysql
   mysql> select * from tt16;
   +------+------+
   | id   | name |
   +------+------+
   | 01   | a    |
   | NULL | a    |
   +------+------+
   2 rows in set (0.00 sec)
   ```

# 8.外键

说明：

- 外键用于定义主表和从表之间的关系：外键约束主要定义在从表上，主表则必须是有主键约束或unique约束。
- 定义外键后，要求外键列数据必须在主表的主键列存在或为null。

栗子：

![1579356111404](C:\Users\岳心怡\AppData\Roaming\Typora\typora-user-images\1579356111404.png)

1. 创建主键表班级表；

   ```mysql
   mysql> create table myclass(
       -> id int primary key,
       -> name varchar(30) not null comment '班级名');
   Query OK, 0 rows affected (0.14 sec)
   ```

2. 创建从表学生表；

   ```mysql
   mysql> create table student(
       -> id int primary key,
       -> name varchar(30) not null comment '学生名',
       -> class_id int,
       -> foreign key (class_id) references myclass(id));
   Query OK, 0 rows affected (0.12 sec)
   ```

3. 插入正常数据；

   ```mysql
   mysql> insert into myclass values(10,'C++班'),(20,'JAVA班');
   Query OK, 2 rows affected (0.01 sec)
   Records: 2  Duplicates: 0  Warnings: 0
   
   mysql> insert into student values(01,'张三',10),(02,'李四',20);
   Query OK, 2 rows affected (0.01 sec)
   Records: 2  Duplicates: 0  Warnings: 0
   ```

4. 插入错误数据；

   ```mysql
   mysql> insert into student values(03,'张三',30)
       -> ;
   ERROR 1452 (23000): Cannot add or update a child row: a foreign key constraint fails (`test`.`student`, CONSTRAINT `student_ibfk_1` FOREIGN KEY (`class_id`) REFERENCES `myclass` (`id`))
   ```

5. 插入班级id为null的数据；

   ```mysql
   mysql> insert into student values(04,'王五',null);
   Query OK, 1 row affected (0.01 sec)
   ```

6. 显示表中数据

   ```mysql
   mysql> select * from myclass;
   +----+--------+
   | id | name   |
   +----+--------+
   | 10 | C++班  |
   | 20 | JAVA班 |
   +----+--------+
   2 rows in set (0.00 sec)
   
   mysql> select * from student;
   +----+------+----------+
   | id | name | class_id |
   +----+------+----------+
   |  1 | 张三 |       10 |
   |  2 | 李四 |       20 |
   |  4 | 王五 |     NULL |
   +----+------+----------+
   3 rows in set (0.00 sec)
   ```

   