# 06表的增删改查

CRUD : Create, Retrieve，Update，Delete

# 6.1 Create

语法：

```mysql
Insert [into] table_name
	[(column [,column] ...)]
	values(value_list)[,(value_list)] ...
value_list:value,[,value] ...
```

栗子：

创建一张学生表

```mysql
mysql> create table student(
    -> id int unsigned primary key auto_increment,
    -> sn int not null unique comment '学号',
    -> name varchar(20) not null,
    -> qq varchar(20)
    -> );
Query OK, 0 rows affected (0.36 sec)
```

## 6.1.1 单行数据 + 全列插入

- 单行数据部分列插入

  ```mysql
  mysql> insert into student values(100,10000,'唐僧',null);
  Query OK, 1 row affected (0.07 sec)
  ```

- 单行数据全列插入

  ```mysql
  mysql> insert into student values(101,10001,'孙悟空','1111');
  Query OK, 1 row affected (0.01 sec)
  ```

- 显示结果

  ```mysql
  mysql> select * from student;
  +-----+-------+--------+------+
  | id  | sn    | name   | qq   |
  +-----+-------+--------+------+
  | 100 | 10000 | 唐僧   | NULL |
  | 101 | 10001 | 孙悟空 | 1111 |
  +-----+-------+--------+------+
  2 rows in set (0.01 sec)
  ```

## 6.1.2 多行数据 + 指定列插入

1. 插入数据

   ```mysql
   mysql> insert into student(id,sn,name) values(102,20001,'曹操'),(103,20002,'孙权');
   Query OK, 2 rows affected (0.01 sec)
   Records: 2  Duplicates: 0  Warnings: 0
   ```

2. 显示结果

   ```mysql
   mysql> select * from student;
   +-----+-------+--------+------+
   | id  | sn    | name   | qq   |
   +-----+-------+--------+------+
   | 100 | 10000 | 唐僧   | NULL |
   | 101 | 10001 | 孙悟空 | 1111 |
   | 102 | 20001 | 曹操   | NULL |
   | 103 | 20002 | 孙权   | NULL |
   +-----+-------+--------+------+
   4 rows in set (0.00 sec)
   ```

# 6.1.3 插入否则更新

- 主键冲突

  ```mysql
  mysql> insert into student(id,sn,name) values(100,10010,'唐大师');
  ERROR 1062 (23000): Duplicate entry '100' for key 'PRIMARY'
  ```

- 唯一键冲突

  ```mysql
  mysql> insert into student(sn,name) values(20001,'曹老师');
  ERROR 1062 (23000): Duplicate entry '20001' for key 'sn'
  ```

# 6.1.4 替换

- 主键或者唯一键没有冲突，直接插入

- 主键或者唯一键有冲突，删除后插入

  ```mysql
  mysql> replace into student(sn,name) values(20001,'曹阿满');
  Query OK, 2 rows affected (0.02 sec)
  ```

  - 1 row affected:表中没有冲突数据，数据被重新插入
  - 2 row affected:表中有冲突数据，删除后重新插入

# 6.2 Retrieve

语法：

```mysql
SELECT
[DISTINCT] {* | {column [, column] ...}
[FROM table_name]
[WHERE ...]
[ORDER BY column [ASC | DESC], ...]
LIMIT ...
```

栗子：

1. 创建一个学生成绩表；

   ```mysql
   mysql> create table exam_result(
       -> id int unsigned primary key auto_increment,
       -> name varchar(20) not null comment '同学姓名',
       -> yuwen float default 0.0 comment '语文成绩',
       -> shuxue float default 0.0 comment '数学成绩',
       -> yingyu float default 0.0 comment '英语成绩');
   Query OK, 0 rows affected (0.17 sec)
   ```

2. 插入数据；

   ```mysql
   mysql> INSERT INTO exam_result (name, yuwen, shuxue, yingyu) VALUES
       -> ('唐三藏', 67, 98, 56),
       -> ('孙悟空', 87, 78, 77),
       -> ('猪悟能', 88, 98, 90),
       -> ('曹孟德', 82, 84, 67),
       -> ('刘玄德', 55, 85, 45),
       -> ('孙权', 70, 73, 78),
       -> ('宋公明', 75, 65, 30);
   Query OK, 7 rows affected (0.02 sec)
   Records: 7  Duplicates: 0  Warnings: 0
   ```

## 6.2.1 SELECT 列

### 6.2.1.1 全列查询

```mysql
mysql> select * from exam_result;
+----+--------+-------+--------+--------+
| id | name   | yuwen | shuxue | yingyu |
+----+--------+-------+--------+--------+
|  1 | 唐三藏 |    67 |     98 |     56 |
|  2 | 孙悟空 |    87 |     78 |     77 |
|  3 | 猪悟能 |    88 |     98 |     90 |
|  4 | 曹孟德 |    82 |     84 |     67 |
|  5 | 刘玄德 |    55 |     85 |     45 |
|  6 | 孙权   |    70 |     73 |     78 |
|  7 | 宋公明 |    75 |     65 |     30 |
+----+--------+-------+--------+--------+
7 rows in set (0.00 sec)
```

### 6.2.1.2 指定列查询

```mysql
mysql> select id,name,yuwen from exam_result;
+----+--------+-------+
| id | name   | yuwen |
+----+--------+-------+
|  1 | 唐三藏 |    67 |
|  2 | 孙悟空 |    87 |
|  3 | 猪悟能 |    88 |
|  4 | 曹孟德 |    82 |
|  5 | 刘玄德 |    55 |
|  6 | 孙权   |    70 |
|  7 | 宋公明 |    75 |
+----+--------+-------+
7 rows in set (0.00 sec)
```

### 6.2.1.3 查询字段为表达式

- 表达式包含一个字段

  ```mysql
  mysql> select id,name,yuwen+10 from exam_result;
  +----+--------+----------+
  | id | name   | yuwen+10 |
  +----+--------+----------+
  |  1 | 唐三藏 |       77 |
  |  2 | 孙悟空 |       97 |
  |  3 | 猪悟能 |       98 |
  |  4 | 曹孟德 |       92 |
  |  5 | 刘玄德 |       65 |
  |  6 | 孙权   |       80 |
  |  7 | 宋公明 |       85 |
  +----+--------+----------+
  7 rows in set (0.01 sec)
  ```

- 表达式包含多个字段

  ```mysql
  mysql> select id,name,yuwen+shuxue+yingyu from exam_result;
  +----+--------+---------------------+
  | id | name   | yuwen+shuxue+yingyu |
  +----+--------+---------------------+
  |  1 | 唐三藏 |                 221 |
  |  2 | 孙悟空 |                 242 |
  |  3 | 猪悟能 |                 276 |
  |  4 | 曹孟德 |                 233 |
  |  5 | 刘玄德 |                 185 |
  |  6 | 孙权   |                 221 |
  |  7 | 宋公明 |                 170 |
  +----+--------+---------------------+
  7 rows in set (0.00 sec)
  ```

- 表达式不包含字段

  ```mysql
  mysql> select id,name,10 from exam_result;
  +----+--------+----+
  | id | name   | 10 |
  +----+--------+----+
  |  1 | 唐三藏 | 10 |
  |  2 | 孙悟空 | 10 |
  |  3 | 猪悟能 | 10 |
  |  4 | 曹孟德 | 10 |
  |  5 | 刘玄德 | 10 |
  |  6 | 孙权   | 10 |
  |  7 | 宋公明 | 10 |
  +----+--------+----+
  7 rows in set (0.00 sec)
  ```

### 6.2.1.4 为查询结果指定别名

语法：

```mysql
SELECT column [AS] alias_name [...] FROM table_name;
```

栗子：

```mysql
mysql> select id,name,yuwen+shuxue+yingyu 总分 from exam_result;
+----+--------+------+
| id | name   | 总分 |
+----+--------+------+
|  1 | 唐三藏 |  221 |
|  2 | 孙悟空 |  242 |
|  3 | 猪悟能 |  276 |
|  4 | 曹孟德 |  233 |
|  5 | 刘玄德 |  185 |
|  6 | 孙权   |  221 |
|  7 | 宋公明 |  170 |
+----+--------+------+
7 rows in set (0.00 sec)
```

### 6.2.1.5 结果去重

- 已知重复

  ```mysql
  mysql> select shuxue from exam_result;
  +--------+
  | shuxue |
  +--------+
  |     98 |
  |     78 |
  |     98 |
  |     84 |
  |     85 |
  |     73 |
  |     65 |
  +--------+
  7 rows in set (0.00 sec)
  ```

- 结果去重

  ```mysql
  mysql> select distinct shuxue from exam_result;
  +--------+
  | shuxue |
  +--------+
  |     98 |
  |     78 |
  |     84 |
  |     85 |
  |     73 |
  |     65 |
  +--------+
  6 rows in set (0.01 sec)
  ```

## 6.2.2 WHERE 条件

比较运算符

![1579531345284](C:\Users\岳心怡\AppData\Roaming\Typora\typora-user-images\1579531345284.png)

逻辑运算符

![1579531358658](C:\Users\岳心怡\AppData\Roaming\Typora\typora-user-images\1579531358658.png)

## 6.2.3结果排序

语法：

```mysql
-- ASC 为升序（从小到大）
-- DESC 为降序（从大到小）
-- 默认为 ASC
SELECT ... FROM table_name [WHERE ...]
ORDER BY column [ASC|DESC], [...];
```

栗子：按照数学成绩进行排序

```mysql
mysql> select name,shuxue from exam_result order by shuxue;
+--------+--------+
| name   | shuxue |
+--------+--------+
| 宋公明 |     65 |
| 孙权   |     73 |
| 孙悟空 |     78 |
| 曹孟德 |     84 |
| 刘玄德 |     85 |
| 唐三藏 |     98 |
| 猪悟能 |     98 |
+--------+--------+
7 rows in set (0.01 sec)
```

## 6.2.4筛选分页结果

语法：

```mysql
-- 起始下标为 0
-- 从 0 开始，筛选 n 条结果
SELECT ... FROM table_name [WHERE ...] [ORDER BY ...] LIMIT n;
-- 从 s 开始，筛选 n 条结果
SELECT ... FROM table_name [WHERE ...] [ORDER BY ...] LIMIT s, n;
-- 从 s 开始，筛选 n 条结果，比第二种用法更明确，建议使用
SELECT ... FROM table_name [WHERE ...] [ORDER BY ...] LIMIT n OFFSET s;
```

栗子：

按id进行分页，每页3条记录，分别显示第1，2，3页

第一页：

```mysql
mysql> select id,name,shuxue,yingyu,yuwen from exam_result order by id limit 3 offset 0;
+----+--------+--------+--------+-------+
| id | name   | shuxue | yingyu | yuwen |
+----+--------+--------+--------+-------+
|  1 | 唐三藏 |     98 |     56 |    67 |
|  2 | 孙悟空 |     78 |     77 |    87 |
|  3 | 猪悟能 |     98 |     90 |    88 |
+----+--------+--------+--------+-------+
3 rows in set (0.00 sec)
```

第二页：

```mysql
mysql> select id,name,shuxue,yingyu,yuwen from exam_result order by id limit 3 offset 3;
+----+--------+--------+--------+-------+
| id | name   | shuxue | yingyu | yuwen |
+----+--------+--------+--------+-------+
|  4 | 曹孟德 |     84 |     67 |    82 |
|  5 | 刘玄德 |     85 |     45 |    55 |
|  6 | 孙权   |     73 |     78 |    70 |
+----+--------+--------+--------+-------+
3 rows in set (0.00 sec)
```

第三页：

```mysql
mysql> select id,name,shuxue,yingyu,yuwen from exam_result order by id limit 3 offset 6;
+----+--------+--------+--------+-------+
| id | name   | shuxue | yingyu | yuwen |
+----+--------+--------+--------+-------+
|  7 | 宋公明 |     65 |     30 |    75 |
+----+--------+--------+--------+-------+
1 row in set (0.00 sec)
```

