# 7.MySQL的内置函数

# 常见的内置函数

- 日期函数
- 数字函数
- 字符串函数
- 其他函数

# 7.1日期函数

1. current_date()

   - 描述：当前日期

   - 栗子：

     ```mysql
     mysql> select current_date();
     +----------------+
     | current_date() |
     +----------------+
     | 2020-01-28     |
     +----------------+
     1 row in set (0.00 sec)
     ```

2. current_time()

   - 描述：当前时间

   - 栗子：

     ```mysql
     mysql> select current_time();
     +----------------+
     | current_time() |
     +----------------+
     | 22:14:57       |
     +----------------+
     1 row in set (0.00 sec)
     ```

3. current_timestamp()

   - 描述:当前时间戳

   - 栗子：

     ```mysql
     mysql> select current_timestamp();
     +---------------------+
     | current_timestamp() |
     +---------------------+
     | 2020-01-28 22:15:07 |
     +---------------------+
     1 row in set (0.00 sec)
     ```

     

4. date(datetime)

   - 描述：返回datetime参数的日期部分

   - 栗子：

     ```mysql
     mysql> select date('2020-01-28 22:15:07');
     +-----------------------------+
     | date('2020-01-28 22:15:07') |
     +-----------------------------+
     | 2020-01-28                  |
     +-----------------------------+
     1 row in set (0.00 sec)
     ```

     

5. date_add(date,interval d_value_type)

   - 描述：在date中添加日期或时间，interval后的数值单位可以是：year minute second day

   - 栗子：

     ```mysql
     mysql> select date_add('2020-8-8',interval 10 day);
     +--------------------------------------+
     | date_add('2020-8-8',interval 10 day) |
     +--------------------------------------+
     | 2020-08-18                           |
     +--------------------------------------+
     1 row in set (0.02 sec)
     ```
     
     

6. date_sub(date,interval d_value_type)

   - 描述：在date中减去日期或时间，interval后的数值单位可以是：year minute second day

   - 栗子：

     ```mysql
     mysql> select date_sub('2020-8-8',interval 10 day);
     +--------------------------------------+
     | date_sub('2020-8-8',interval 10 day) |
     +--------------------------------------+
     | 2020-07-29                           |
     +--------------------------------------+
     1 row in set (0.00 sec)
     ```
     
     

7. datediff(date1,date2)

   - 描述：两个日期的差，单位是天

   - 栗子：

     ```mysql
     mysql> select datediff('2020-8-8','2020-8-28');
     +----------------------------------+
     | datediff('2020-8-8','2020-8-28') |
     +----------------------------------+
     |                              -20 |
     +----------------------------------+
     1 row in set (0.01 sec)
     ```

     

8. now()

   - 描述：当前日期时间
   
   - 栗子:
   
     ```mysql
     mysql> select now();
     +---------------------+
     | now()               |
     +---------------------+
     | 2020-01-28 22:26:28 |
     +---------------------+
     1 row in set (0.00 sec)
     ```
   
     

## 案例：留言板

- 创建一个留言表

  ```mysql
  mysql> create table message(
      -> id int primary key auto_increment,
      -> msg varchar(30) not null,
      -> sendtime datetime);
  Query OK, 0 rows affected (0.34 sec)
  ```

  

- 插入“欢迎留言”并插入当前时间到表中

  ```mysql
  mysql> insert into message(msg,sendtime) values('欢迎留言',now());
  Query OK, 1 row affected (0.01 sec)
  ```

  

- 插入数据

  ```mysql
  mysql> insert into message(msg,sendtime) values('hello',now());
  Query OK, 1 row affected (0.01 sec)
  
  mysql> insert into message(msg,sendtime) values('world',now());
  Query OK, 1 row affected (0.01 sec)
  
  mysql> select * from msg;
  ERROR 1146 (42S02): Table 'test1.msg' doesn't exist
  mysql> select * from message;
  +----+----------+---------------------+
  | id | msg      | sendtime            |
  +----+----------+---------------------+
  |  1 | 欢迎留言 | 2020-01-28 22:33:12 |
  |  2 | hello    | 2020-01-28 22:33:26 |
  |  3 | world    | 2020-01-28 22:33:34 |
  +----+----------+---------------------+
  ```

  

- 显示所有留言信息，发布日期只显示日期，不显示时间

  ```mysql
  mysql> select msg,date(sendtime) from message;
  +----------+----------------+
  | msg      | date(sendtime) |
  +----------+----------------+
  | 欢迎留言 | 2020-01-28     |
  | hello    | 2020-01-28     |
  | world    | 2020-01-28     |
  +----------+----------------+
  3 rows in set (0.00 sec)
  ```

  

- 查询在五分钟内发布的留言

  ```mysql
  mysql> select * from message where date_add(sendtime,interval 5 minute) > now();
  +----+----------+---------------------+
  | id | msg      | sendtime            |
  +----+----------+---------------------+
  |  1 | 欢迎留言 | 2020-01-28 22:33:12 |
  |  2 | hello    | 2020-01-28 22:33:26 |
  |  3 | world    | 2020-01-28 22:33:34 |
  +----+----------+---------------------+
  3 rows in set (0.00 sec)
  ```

  # 7.2数字函数

  1. abs(number)

     - 描述：绝对值函数

     - 栗子：

       ```mysql
       mysql> select abs(-99.9);
       +------------+
       | abs(-99.9) |
       +------------+
       |       99.9 |
       +------------+
       1 row in set (0.01 sec)
       ```

       

  2. bin(decimal_number)

     - 描述：十进制转换为二进制

     - 栗子：

       ```mysql
       mysql> select bin(5);
       +--------+
       | bin(5) |
       +--------+
       | 101    |
       +--------+
       1 row in set (0.01 sec)
       ```

       

  3. hex(decimal_number)

     - 描述：十进制转换为十六进制

     - 栗子：

       ```mysql
       mysql> select hex(5);
       +--------+
       | hex(5) |
       +--------+
       | 5      |
       +--------+
       1 row in set (0.00 sec)
       ```

       

  4. conv(number,from_base,to_base)

     - 描述：进制转换

     - 栗子：

       ```mysql
       mysql> select conv('10',10,2);
       +-----------------+
       | conv('10',10,2) |
       +-----------------+
       | 1010            |
       +-----------------+
       1 row in set (0.00 sec)
       ```

       

  5. ceiling(number)

     - 描述：向上取整

     - 栗子：

       ```mysql
       mysql> select ceiling(29.04);
       +----------------+
       | ceiling(29.04) |
       +----------------+
       |             30 |
       +----------------+
       1 row in set (0.00 sec)
       ```

       

  6. floor(number)

     - 描述：向下取整

     - 栗子：

       ```mysql
       mysql> select floor(23.8);
       +-------------+
       | floor(23.8) |
       +-------------+
       |          23 |
       +-------------+
       1 row in set (0.01 sec)
       ```

       

  7. format(number,decimal_places)

     - 描述：格式化，保留小数位数

     - 栗子：

       ```mysql
       mysql> select format(12.12345,3);
       +--------------------+
       | format(12.12345,3) |
       +--------------------+
       | 12.123             |
       +--------------------+
       1 row in set (0.00 sec)
       ```

       

  8. rand()

     - 描述：返回随机浮点数

     - 栗子：

       ```mysql
       mysql> select rand();
       +--------------------+
       | rand()             |
       +--------------------+
       | 0.9014183160862125 |
       +--------------------+
       1 row in set (0.01 sec)
       ```

       

  9. mod(number,denominator)

     - 描述：取模，求余

     - 栗子：

       ```mysql
       mysql> select mod(12,5);
       +-----------+
       | mod(12,5) |
       +-----------+
       |         2 |
       +-----------+
       1 row in set (0.00 sec)
       ```

       

  

  

